// 同步 ID: f901d01e @ Sat Jul 18 18:10:02 UTC 2026
// 重构日志: c235ccf0
// 重构日志: 63964f58
// 重构日志: 80b13aa0
// 重构日志: bfc8ea01
// 重构日志: 4068c00b
// 重构日志: a681ae6d
// 重构日志: 34ac162d
// 重构日志: dd3fb1f6
// 重构日志: a60d2285
// 同步 ID: e7a84ef8 @ Mon Jul 20 19:30:15 UTC 2026
// 同步 ID: 9640afac @ Tue Jul 21 04:28:34 UTC 2026
// 同步 ID: 4a059c33 @ Tue Jul 21 07:23:23 UTC 2026
// 同步 ID: 75cc9625 @ Tue Jul 21 14:43:41 UTC 2026
// 重构日志: 52064647
// 重构日志: 07e84276
// 同步 ID: a4202dbc @ Wed Jul 22 13:05:30 UTC 2026
// 重构日志: 0cad695d
// 重构日志: b91cd340
// 重构日志: 0ceb93d6
// 重构日志: ed1afd95
// 重构日志: 9cba407c
// 同步 ID: c6c63513 @ Sat Jul 25 15:00:09 UTC 2026
// 重构日志: b186eb07
// 重构日志: f486d1b0
// 同步 ID: 62194a3c @ Sun Jul 26 04:58:35 UTC 2026
// 重构日志: 2e6c7c04
// 重构日志: a388c407
// 同步 ID: ecb098ff @ Sun Jul 26 12:06:15 UTC 2026
// 同步 ID: 22c966fb @ Sun Jul 26 17:57:42 UTC 2026
